<?xml version="1.0" encoding="utf-8"?><testsuites name="pytest tests"><testsuite name="pytest" errors="0" failures="0" skipped="0" tests="76" time="1.647" timestamp="2026-03-26T11:04:58.831563+01:00" hostname="DESKTOP-EQ14IAK"><testcase classname="tests.test_endpoints.TestEndpointsCreacion" name="test_crear_item_exitoso" time="0.018" /><testcase classname="tests.test_endpoints.TestEndpointsCreacion" name="test_crear_item_precio_negativo" time="0.009" /><testcase classname="tests.test_endpoints.TestEndpointsCreacion" name="test_crear_item_stock_negativo" time="0.008" /><testcase classname="tests.test_endpoints.TestEndpointsCreacion" name="test_crear_item_nombre_vacio" time="0.009" /><testcase classname="tests.test_endpoints.TestEndpointsLectura" name="test_obtener_item_por_id_existente" time="0.017" /><testcase classname="tests.test_endpoints.TestEndpointsLectura" name="test_obtener_item_por_id_inexistente" time="0.012" /><testcase classname="tests.test_endpoints.TestEndpointsLectura" name="test_listar_items_vacio" time="0.014" /><testcase classname="tests.test_endpoints.TestEndpointsLectura" name="test_listar_items_con_resultados" time="0.026" /><testcase classname="tests.test_endpoints.TestEndpointsLectura" name="test_listar_items_con_paginacion" time="0.042" /><testcase classname="tests.test_endpoints.TestEndpointsLectura" name="test_listar_items_por_categoria" time="0.023" /><testcase classname="tests.test_endpoints.TestEndpointsActualizacion" name="test_actualizar_item_exitoso" time="0.020" /><testcase classname="tests.test_endpoints.TestEndpointsActualizacion" name="test_actualizar_item_inexistente" time="0.008" /><testcase classname="tests.test_endpoints.TestEndpointsEliminacion" name="test_eliminar_item_exitoso" time="0.039" /><testcase classname="tests.test_endpoints.TestEndpointsEliminacion" name="test_eliminar_item_inexistente" time="0.013" /><testcase classname="tests.test_endpoints.TestOperacionesInventario" name="test_reducir_stock_exitoso" time="0.020" /><testcase classname="tests.test_endpoints.TestOperacionesInventario" name="test_reducir_stock_insuficiente" time="0.018" /><testcase classname="tests.test_endpoints.TestOperacionesInventario" name="test_aumentar_stock_exitoso" time="0.020" /><testcase classname="tests.test_endpoints.TestBusqueda" name="test_buscar_por_nombre" time="0.018" /><testcase classname="tests.test_endpoints.TestBusqueda" name="test_obtener_por_categoria_endpoint" time="0.024" /><testcase classname="tests.test_endpoints.TestEstadisticas" name="test_obtener_estadisticas" time="0.027" /><testcase classname="tests.test_endpoints.TestHealthCheck" name="test_health_check" time="0.006" /><testcase classname="tests.test_hardware.TestValidacionesCreacion" name="test_crear_item_valido" time="0.008" /><testcase classname="tests.test_hardware.TestValidacionesCreacion" name="test_precio_negativo_invalido" time="0.001" /><testcase classname="tests.test_hardware.TestValidacionesCreacion" name="test_precio_cero_invalido" time="0.001" /><testcase classname="tests.test_hardware.TestValidacionesCreacion" name="test_stock_negativo_invalido" time="0.002" /><testcase classname="tests.test_hardware.TestValidacionesCreacion" name="test_stock_cero_valido" time="0.005" /><testcase classname="tests.test_hardware.TestValidacionesCreacion" name="test_nombre_vacio_invalido" time="0.001" /><testcase classname="tests.test_hardware.TestValidacionesCreacion" name="test_precio_muy_alto_invalido" time="0.000" /><testcase classname="tests.test_hardware.TestValidacionesCreacion" name="test_precios_validos_parametrizado[0.01]" time="0.011" /><testcase classname="tests.test_hardware.TestValidacionesCreacion" name="test_precios_validos_parametrizado[1.0]" time="0.004" /><testcase classname="tests.test_hardware.TestValidacionesCreacion" name="test_precios_validos_parametrizado[100.0]" time="0.005" /><testcase classname="tests.test_hardware.TestValidacionesCreacion" name="test_precios_validos_parametrizado[99999.99]" time="0.008" /><testcase classname="tests.test_hardware.TestLogicaInventario" name="test_reducir_stock_exitosamente" time="0.006" /><testcase classname="tests.test_hardware.TestLogicaInventario" name="test_reducir_stock_insuficiente" time="0.010" /><testcase classname="tests.test_hardware.TestLogicaInventario" name="test_reducir_stock_a_cero" time="0.011" /><testcase classname="tests.test_hardware.TestLogicaInventario" name="test_aumentar_stock_exitosamente" time="0.007" /><testcase classname="tests.test_hardware.TestLogicaInventario" name="test_multiples_reducciones_stock" time="0.009" /><testcase classname="tests.test_hardware.TestLogicaInventario" name="test_multiples_aumentos_stock" time="0.007" /><testcase classname="tests.test_hardware.TestLogicaInventario" name="test_actualizar_precio" time="0.008" /><testcase classname="tests.test_hardware.TestLogicaInventario" name="test_actualizar_nombre" time="0.007" /><testcase classname="tests.test_hardware.TestLogicaInventario" name="test_actualizar_categoria" time="0.010" /><testcase classname="tests.test_hardware.TestEdgeCases" name="test_obtener_item_inexistente" time="0.004" /><testcase classname="tests.test_hardware.TestEdgeCases" name="test_actualizar_item_inexistente" time="0.003" /><testcase classname="tests.test_hardware.TestEdgeCases" name="test_eliminar_item_inexistente" time="0.005" /><testcase classname="tests.test_hardware.TestEdgeCases" name="test_reducir_stock_item_inexistente" time="0.004" /><testcase classname="tests.test_hardware.TestEdgeCases" name="test_aumentar_stock_item_inexistente" time="0.008" /><testcase classname="tests.test_hardware.TestEdgeCases" name="test_eliminar_item_existente" time="0.006" /><testcase classname="tests.test_hardware.TestEdgeCases" name="test_buscar_nombre_exacto" time="0.006" /><testcase classname="tests.test_hardware.TestEdgeCases" name="test_buscar_nombre_parcial" time="0.009" /><testcase classname="tests.test_hardware.TestEdgeCases" name="test_precio_redondeado_a_dos_decimales" time="0.006" /><testcase classname="tests.test_hardware.TestParametrizacion" name="test_crear_item_todas_categorias[Microprocesadores]" time="0.005" /><testcase classname="tests.test_hardware.TestParametrizacion" name="test_crear_item_todas_categorias[Refrigeradores CPU]" time="0.004" /><testcase classname="tests.test_hardware.TestParametrizacion" name="test_crear_item_todas_categorias[Tarjetas Gr\xe1ficas]" time="0.009" /><testcase classname="tests.test_hardware.TestParametrizacion" name="test_crear_item_todas_categorias[Memoria RAM]" time="0.004" /><testcase classname="tests.test_hardware.TestParametrizacion" name="test_crear_item_todas_categorias[Placas Base]" time="0.006" /><testcase classname="tests.test_hardware.TestParametrizacion" name="test_crear_item_todas_categorias[Gabinetes]" time="0.004" /><testcase classname="tests.test_hardware.TestParametrizacion" name="test_crear_item_todas_categorias[Discos Duros]" time="0.005" /><testcase classname="tests.test_hardware.TestParametrizacion" name="test_crear_item_todas_categorias[Unidades SSD]" time="0.005" /><testcase classname="tests.test_hardware.TestParametrizacion" name="test_crear_item_todas_categorias[Monitores]" time="0.005" /><testcase classname="tests.test_hardware.TestParametrizacion" name="test_crear_item_todas_categorias[Fuentes Power]" time="0.005" /><testcase classname="tests.test_hardware.TestParametrizacion" name="test_crear_item_multiples_atributos[Microprocesadores-10-689.99]" time="0.007" /><testcase classname="tests.test_hardware.TestParametrizacion" name="test_crear_item_multiples_atributos[Tarjetas Gr\xe1ficas-3-1599.99]" time="0.005" /><testcase classname="tests.test_hardware.TestParametrizacion" name="test_crear_item_multiples_atributos[Memoria RAM-20-99.99]" time="0.005" /><testcase classname="tests.test_hardware.TestParametrizacion" name="test_crear_item_multiples_atributos[Discos Duros-15-149.99]" time="0.007" /><testcase classname="tests.test_hardware.TestParametrizacion" name="test_crear_item_multiples_atributos[Unidades SSD-25-249.99]" time="0.005" /><testcase classname="tests.test_hardware.TestParametrizacion" name="test_crear_item_multiples_atributos[Monitores-5-349.99]" time="0.007" /><testcase classname="tests.test_hardware.TestParametrizacion" name="test_crear_item_multiples_atributos[Fuentes Power-12-119.99]" time="0.004" /><testcase classname="tests.test_hardware.TestParametrizacion" name="test_reducir_stock_multiples_cantidades[1]" time="0.007" /><testcase classname="tests.test_hardware.TestParametrizacion" name="test_reducir_stock_multiples_cantidades[2]" time="0.006" /><testcase classname="tests.test_hardware.TestParametrizacion" name="test_reducir_stock_multiples_cantidades[5]" time="0.013" /><testcase classname="tests.test_hardware.TestParametrizacion" name="test_reducir_stock_multiples_cantidades[10]" time="0.008" /><testcase classname="tests.test_hardware.TestRepositorio" name="test_obtener_total_items_vacio" time="0.006" /><testcase classname="tests.test_hardware.TestRepositorio" name="test_obtener_total_items_con_datos" time="0.013" /><testcase classname="tests.test_hardware.TestRepositorio" name="test_obtener_valor_total_inventario" time="0.008" /><testcase classname="tests.test_hardware.TestRepositorio" name="test_obtener_por_categoria" time="0.041" /><testcase classname="tests.test_hardware.TestRepositorio" name="test_obtener_stock_por_categoria" time="0.006" /></testsuite></testsuites>